Archive member included to satisfy reference by file (symbol)

/opt/st/stm32cubeide_1.15.0_2/plugins/com.st.stm32cube.ide.mcu.externaltools.gnu-tools-for-stm32.12.3.rel1.linux64_1.0.100.202403111256/tools/bin/../lib/gcc/arm-none-eabi/12.3.1/../../../../arm-none-eabi/lib/thumb/v6-m/nofp/libc_nano.a(libc_a-exit.o)
                              /opt/st/stm32cubeide_1.15.0_2/plugins/com.st.stm32cube.ide.mcu.externaltools.gnu-tools-for-stm32.12.3.rel1.linux64_1.0.100.202403111256/tools/bin/../lib/gcc/arm-none-eabi/12.3.1/../../../../arm-none-eabi/lib/thumb/v6-m/nofp/crt0.o (exit)
/opt/st/stm32cubeide_1.15.0_2/plugins/com.st.stm32cube.ide.mcu.externaltools.gnu-tools-for-stm32.12.3.rel1.linux64_1.0.100.202403111256/tools/bin/../lib/gcc/arm-none-eabi/12.3.1/../../../../arm-none-eabi/lib/thumb/v6-m/nofp/libc_nano.a(libc_a-findfp.o)
                              /opt/st/stm32cubeide_1.15.0_2/plugins/com.st.stm32cube.ide.mcu.externaltools.gnu-tools-for-stm32.12.3.rel1.linux64_1.0.100.202403111256/tools/bin/../lib/gcc/arm-none-eabi/12.3.1/../../../../arm-none-eabi/lib/thumb/v6-m/nofp/libc_nano.a(libc_a-exit.o) (__stdio_exit_handler)
/opt/st/stm32cubeide_1.15.0_2/plugins/com.st.stm32cube.ide.mcu.externaltools.gnu-tools-for-stm32.12.3.rel1.linux64_1.0.100.202403111256/tools/bin/../lib/gcc/arm-none-eabi/12.3.1/../../../../arm-none-eabi/lib/thumb/v6-m/nofp/libc_nano.a(libc_a-fwalk.o)
                              /opt/st/stm32cubeide_1.15.0_2/plugins/com.st.stm32cube.ide.mcu.externaltools.gnu-tools-for-stm32.12.3.rel1.linux64_1.0.100.202403111256/tools/bin/../lib/gcc/arm-none-eabi/12.3.1/../../../../arm-none-eabi/lib/thumb/v6-m/nofp/libc_nano.a(libc_a-findfp.o) (_fwalk_sglue)
/opt/st/stm32cubeide_1.15.0_2/plugins/com.st.stm32cube.ide.mcu.externaltools.gnu-tools-for-stm32.12.3.rel1.linux64_1.0.100.202403111256/tools/bin/../lib/gcc/arm-none-eabi/12.3.1/../../../../arm-none-eabi/lib/thumb/v6-m/nofp/libc_nano.a(libc_a-stdio.o)
                              /opt/st/stm32cubeide_1.15.0_2/plugins/com.st.stm32cube.ide.mcu.externaltools.gnu-tools-for-stm32.12.3.rel1.linux64_1.0.100.202403111256/tools/bin/../lib/gcc/arm-none-eabi/12.3.1/../../../../arm-none-eabi/lib/thumb/v6-m/nofp/libc_nano.a(libc_a-findfp.o) (__sread)
/opt/st/stm32cubeide_1.15.0_2/plugins/com.st.stm32cube.ide.mcu.externaltools.gnu-tools-for-stm32.12.3.rel1.linux64_1.0.100.202403111256/tools/bin/../lib/gcc/arm-none-eabi/12.3.1/../../../../arm-none-eabi/lib/thumb/v6-m/nofp/libc_nano.a(libc_a-memset.o)
                              /opt/st/stm32cubeide_1.15.0_2/plugins/com.st.stm32cube.ide.mcu.externaltools.gnu-tools-for-stm32.12.3.rel1.linux64_1.0.100.202403111256/tools/bin/../lib/gcc/arm-none-eabi/12.3.1/../../../../arm-none-eabi/lib/thumb/v6-m/nofp/crt0.o (memset)
/opt/st/stm32cubeide_1.15.0_2/plugins/com.st.stm32cube.ide.mcu.externaltools.gnu-tools-for-stm32.12.3.rel1.linux64_1.0.100.202403111256/tools/bin/../lib/gcc/arm-none-eabi/12.3.1/../../../../arm-none-eabi/lib/thumb/v6-m/nofp/libc_nano.a(libc_a-closer.o)
                              /opt/st/stm32cubeide_1.15.0_2/plugins/com.st.stm32cube.ide.mcu.externaltools.gnu-tools-for-stm32.12.3.rel1.linux64_1.0.100.202403111256/tools/bin/../lib/gcc/arm-none-eabi/12.3.1/../../../../arm-none-eabi/lib/thumb/v6-m/nofp/libc_nano.a(libc_a-stdio.o) (_close_r)
/opt/st/stm32cubeide_1.15.0_2/plugins/com.st.stm32cube.ide.mcu.externaltools.gnu-tools-for-stm32.12.3.rel1.linux64_1.0.100.202403111256/tools/bin/../lib/gcc/arm-none-eabi/12.3.1/../../../../arm-none-eabi/lib/thumb/v6-m/nofp/libc_nano.a(libc_a-reent.o)
                              /opt/st/stm32cubeide_1.15.0_2/plugins/com.st.stm32cube.ide.mcu.externaltools.gnu-tools-for-stm32.12.3.rel1.linux64_1.0.100.202403111256/tools/bin/../lib/gcc/arm-none-eabi/12.3.1/../../../../arm-none-eabi/lib/thumb/v6-m/nofp/libc_nano.a(libc_a-closer.o) (errno)
/opt/st/stm32cubeide_1.15.0_2/plugins/com.st.stm32cube.ide.mcu.externaltools.gnu-tools-for-stm32.12.3.rel1.linux64_1.0.100.202403111256/tools/bin/../lib/gcc/arm-none-eabi/12.3.1/../../../../arm-none-eabi/lib/thumb/v6-m/nofp/libc_nano.a(libc_a-impure.o)
                              /opt/st/stm32cubeide_1.15.0_2/plugins/com.st.stm32cube.ide.mcu.externaltools.gnu-tools-for-stm32.12.3.rel1.linux64_1.0.100.202403111256/tools/bin/../lib/gcc/arm-none-eabi/12.3.1/../../../../arm-none-eabi/lib/thumb/v6-m/nofp/libc_nano.a(libc_a-reent.o) (_impure_ptr)
/opt/st/stm32cubeide_1.15.0_2/plugins/com.st.stm32cube.ide.mcu.externaltools.gnu-tools-for-stm32.12.3.rel1.linux64_1.0.100.202403111256/tools/bin/../lib/gcc/arm-none-eabi/12.3.1/../../../../arm-none-eabi/lib/thumb/v6-m/nofp/libc_nano.a(libc_a-lseekr.o)
                              /opt/st/stm32cubeide_1.15.0_2/plugins/com.st.stm32cube.ide.mcu.externaltools.gnu-tools-for-stm32.12.3.rel1.linux64_1.0.100.202403111256/tools/bin/../lib/gcc/arm-none-eabi/12.3.1/../../../../arm-none-eabi/lib/thumb/v6-m/nofp/libc_nano.a(libc_a-stdio.o) (_lseek_r)
[...]
Memory Configuration

Name             Origin             Length             Attributes
RAM              0x20000000         0x00001000         xrw
FLASH            0x08000000         0x00004000         xr
*default*        0x00000000         0xffffffff

Linker script and memory map

LOAD /opt/st/stm32cubeide_1.15.0_2/plugins/com.st.stm32cube.ide.mcu.externaltools.gnu-tools-for-stm32.12.3.rel1.linux64_1.0.100.202403111256/tools/bin/../lib/gcc/arm-none-eabi/12.3.1/thumb/v6-m/nofp/crti.o
LOAD /opt/st/stm32cubeide_1.15.0_2/plugins/com.st.stm32cube.ide.mcu.externaltools.gnu-tools-for-stm32.12.3.rel1.linux64_1.0.100.202403111256/tools/bin/../lib/gcc/arm-none-eabi/12.3.1/thumb/v6-m/nofp/crtbegin.o
LOAD /opt/st/stm32cubeide_1.15.0_2/plugins/com.st.stm32cube.ide.mcu.externaltools.gnu-tools-for-stm32.12.3.rel1.linux64_1.0.100.202403111256/tools/bin/../lib/gcc/arm-none-eabi/12.3.1/../../../../arm-none-eabi/lib/thumb/v6-m/nofp/crt0.o
LOAD ./Core/Src/ILI9341_GFX.o
LOAD ./Core/Src/ILI9341_STM32_Driver.o
LOAD ./Core/Src/main.o
LOAD ./Core/Src/stm32f0xx_hal_msp.o
LOAD ./Core/Src/stm32f0xx_it.o
LOAD ./Core/Src/syscalls.o
LOAD ./Core/Src/sysmem.o
LOAD ./Core/Src/system_stm32f0xx.o
LOAD ./Core/Startup/startup_stm32f030f4px.o
LOAD ./Drivers/STM32F0xx_HAL_Driver/Src/stm32f0xx_hal.o
LOAD ./Drivers/STM32F0xx_HAL_Driver/Src/stm32f0xx_hal_adc.o
LOAD ./Drivers/STM32F0xx_HAL_Driver/Src/stm32f0xx_hal_adc_ex.o
LOAD ./Drivers/STM32F0xx_HAL_Driver/Src/stm32f0xx_hal_cortex.o
LOAD ./Drivers/STM32F0xx_HAL_Driver/Src/stm32f0xx_hal_dma.o
LOAD ./Drivers/STM32F0xx_HAL_Driver/Src/stm32f0xx_hal_exti.o
LOAD ./Drivers/STM32F0xx_HAL_Driver/Src/stm32f0xx_hal_flash.o
LOAD ./Drivers/STM32F0xx_HAL_Driver/Src/stm32f0xx_hal_flash_ex.o
LOAD ./Drivers/STM32F0xx_HAL_Driver/Src/stm32f0xx_hal_gpio.o
LOAD ./Drivers/STM32F0xx_HAL_Driver/Src/stm32f0xx_hal_i2c.o
LOAD ./Drivers/STM32F0xx_HAL_Driver/Src/stm32f0xx_hal_i2c_ex.o
LOAD ./Drivers/STM32F0xx_HAL_Driver/Src/stm32f0xx_hal_pwr.o
LOAD ./Drivers/STM32F0xx_HAL_Driver/Src/stm32f0xx_hal_pwr_ex.o
LOAD ./Drivers/STM32F0xx_HAL_Driver/Src/stm32f0xx_hal_rcc.o
LOAD ./Drivers/STM32F0xx_HAL_Driver/Src/stm32f0xx_hal_rcc_ex.o
LOAD ./Drivers/STM32F0xx_HAL_Driver/Src/stm32f0xx_hal_spi.o
LOAD ./Drivers/STM32F0xx_HAL_Driver/Src/stm32f0xx_hal_spi_ex.o
LOAD ./Drivers/STM32F0xx_HAL_Driver/Src/stm32f0xx_hal_tim.o
LOAD ./Drivers/STM32F0xx_HAL_Driver/Src/stm32f0xx_hal_tim_ex.o
START GROUP
LOAD /opt/st/stm32cubeide_1.15.0_2/plugins/com.st.stm32cube.ide.mcu.externaltools.gnu-tools-for-stm32.12.3.rel1.linux64_1.0.100.202403111256/tools/bin/../lib/gcc/arm-none-eabi/12.3.1/../../../../arm-none-eabi/lib/thumb/v6-m/nofp/libc_nano.a
LOAD /opt/st/stm32cubeide_1.15.0_2/plugins/com.st.stm32cube.ide.mcu.externaltools.gnu-tools-for-stm32.12.3.rel1.linux64_1.0.100.202403111256/tools/bin/../lib/gcc/arm-none-eabi/12.3.1/../../../../arm-none-eabi/lib/thumb/v6-m/nofp/libm.a
END GROUP
START GROUP
LOAD /opt/st/stm32cubeide_1.15.0_2/plugins/com.st.stm32cube.ide.mcu.externaltools.gnu-tools-for-stm32.12.3.rel1.linux64_1.0.100.202403111256/tools/bin/../lib/gcc/arm-none-eabi/12.3.1/thumb/v6-m/nofp/libgcc.a
LOAD /opt/st/stm32cubeide_1.15.0_2/plugins/com.st.stm32cube.ide.mcu.externaltools.gnu-tools-for-stm32.12.3.rel1.linux64_1.0.100.202403111256/tools/bin/../lib/gcc/arm-none-eabi/12.3.1/../../../../arm-none-eabi/lib/thumb/v6-m/nofp/libc_nano.a
END GROUP
START GROUP
LOAD /opt/st/stm32cubeide_1.15.0_2/plugins/com.st.stm32cube.ide.mcu.externaltools.gnu-tools-for-stm32.12.3.rel1.linux64_1.0.100.202403111256/tools/bin/../lib/gcc/arm-none-eabi/12.3.1/thumb/v6-m/nofp/libgcc.a
LOAD /opt/st/stm32cubeide_1.15.0_2/plugins/com.st.stm32cube.ide.mcu.externaltools.gnu-tools-for-stm32.12.3.rel1.linux64_1.0.100.202403111256/tools/bin/../lib/gcc/arm-none-eabi/12.3.1/../../../../arm-none-eabi/lib/thumb/v6-m/nofp/libc_nano.a
LOAD /opt/st/stm32cubeide_1.15.0_2/plugins/com.st.stm32cube.ide.mcu.externaltools.gnu-tools-for-stm32.12.3.rel1.linux64_1.0.100.202403111256/tools/bin/../lib/gcc/arm-none-eabi/12.3.1/../../../../arm-none-eabi/lib/thumb/v6-m/nofp/libnosys.a
END GROUP
START GROUP
LOAD /opt/st/stm32cubeide_1.15.0_2/plugins/com.st.stm32cube.ide.mcu.externaltools.gnu-tools-for-stm32.12.3.rel1.linux64_1.0.100.202403111256/tools/bin/../lib/gcc/arm-none-eabi/12.3.1/thumb/v6-m/nofp/libgcc.a
LOAD /opt/st/stm32cubeide_1.15.0_2/plugins/com.st.stm32cube.ide.mcu.externaltools.gnu-tools-for-stm32.12.3.rel1.linux64_1.0.100.202403111256/tools/bin/../lib/gcc/arm-none-eabi/12.3.1/../../../../arm-none-eabi/lib/thumb/v6-m/nofp/libc_nano.a
LOAD /opt/st/stm32cubeide_1.15.0_2/plugins/com.st.stm32cube.ide.mcu.externaltools.gnu-tools-for-stm32.12.3.rel1.linux64_1.0.100.202403111256/tools/bin/../lib/gcc/arm-none-eabi/12.3.1/../../../../arm-none-eabi/lib/thumb/v6-m/nofp/libnosys.a
END GROUP
LOAD /opt/st/stm32cubeide_1.15.0_2/plugins/com.st.stm32cube.ide.mcu.externaltools.gnu-tools-for-stm32.12.3.rel1.linux64_1.0.100.202403111256/tools/bin/../lib/gcc/arm-none-eabi/12.3.1/thumb/v6-m/nofp/crtend.o
LOAD /opt/st/stm32cubeide_1.15.0_2/plugins/com.st.stm32cube.ide.mcu.externaltools.gnu-tools-for-stm32.12.3.rel1.linux64_1.0.100.202403111256/tools/bin/../lib/gcc/arm-none-eabi/12.3.1/thumb/v6-m/nofp/crtn.o
                0x20001000                        _estack = (ORIGIN (RAM) + LENGTH (RAM))
                0x00000200                        _Min_Heap_Size = 0x200
                0x00000400                        _Min_Stack_Size = 0x400

.isr_vector     0x08000000       0xc0
                0x08000000                        . = ALIGN (0x4)
 *(.isr_vector)
 .isr_vector    0x08000000       0xc0 ./Core/Startup/startup_stm32f030f4px.o
                0x08000000                g_pfnVectors
                0x080000c0                        . = ALIGN (0x4)

.text           0x080000c0     0x3b74
                0x080000c0                        . = ALIGN (0x4)
 *(.text)
 .text          0x080000c0       0x48 /opt/st/stm32cubeide_1.15.0_2/plugins/com.st.stm32cube.ide.mcu.externaltools.gnu-tools-for-stm32.12.3.rel1.linux64_1.0.100.202403111256/tools/bin/../lib/gcc/arm-none-eabi/12.3.1/thumb/v6-m/nofp/crtbegin.o
 .text          0x08000108       0x14 /opt/st/stm32cubeide_1.15.0_2/plugins/com.st.stm32cube.ide.mcu.externaltools.gnu-tools-for-stm32.12.3.rel1.linux64_1.0.100.202403111256/tools/bin/../lib/gcc/arm-none-eabi/12.3.1/thumb/v6-m/nofp/libgcc.a(_thumb1_case_uqi.o)
                0x08000108                __gnu_thumb1_case_uqi
 .text          0x0800011c      0x114 /opt/st/stm32cubeide_1.15.0_2/plugins/com.st.stm32cube.ide.mcu.externaltools.gnu-tools-for-stm32.12.3.rel1.linux64_1.0.100.202403111256/tools/bin/../lib/gcc/arm-none-eabi/12.3.1/thumb/v6-m/nofp/libgcc.a(_udivsi3.o)
                0x0800011c                __udivsi3
                0x0800011c                __aeabi_uidiv
                0x08000228                __aeabi_uidivmod
 .text          0x08000230      0x1d4 /opt/st/stm32cubeide_1.15.0_2/plugins/com.st.stm32cube.ide.mcu.externaltools.gnu-tools-for-stm32.12.3.rel1.linux64_1.0.100.202403111256/tools/bin/../lib/gcc/arm-none-eabi/12.3.1/thumb/v6-m/nofp/libgcc.a(_divsi3.o)
                0x08000230                __aeabi_idiv
                0x08000230                __divsi3
                0x080003fc                __aeabi_idivmod
 .text          0x08000404        0x4 /opt/st/stm32cubeide_1.15.0_2/plugins/com.st.stm32cube.ide.mcu.externaltools.gnu-tools-for-stm32.12.3.rel1.linux64_1.0.100.202403111256/tools/bin/../lib/gcc/arm-none-eabi/12.3.1/thumb/v6-m/nofp/libgcc.a(_dvmd_tls.o)
                0x08000404                __aeabi_ldiv0
                0x08000404                __aeabi_idiv0
 *(.text*)
 .text.ILI9341_Draw_Filled_Circle
                0x08000408       0xa6 ./Core/Src/ILI9341_GFX.o
                0x08000408                ILI9341_Draw_Filled_Circle
 .text.ILI9341_Draw_Filled_Rectangle_Coord
                0x080004ae       0x32 ./Core/Src/ILI9341_GFX.o
                0x080004ae                ILI9341_Draw_Filled_Rectangle_Coord
 .text.ILI9341_Draw_Char
                0x080004e0       0x9c ./Core/Src/ILI9341_GFX.o
                0x080004e0                ILI9341_Draw_Char
 .text.ILI9341_Draw_Text
                0x0800057c       0x3e ./Core/Src/ILI9341_GFX.o
                0x0800057c                ILI9341_Draw_Text
 .text.ILI9341_SPI_Init
                0x080005ba       0x10 ./Core/Src/ILI9341_STM32_Driver.o
                0x080005ba                ILI9341_SPI_Init
 *fill*         0x080005ca        0x2 
 .text.ILI9341_SPI_Send
                0x080005cc       0x18 ./Core/Src/ILI9341_STM32_Driver.o
                0x080005cc                ILI9341_SPI_Send
 .text.ILI9341_Write_Command
                0x080005e4       0x34 ./Core/Src/ILI9341_STM32_Driver.o
                0x080005e4                ILI9341_Write_Command
 .text.ILI9341_Write_Data
                0x08000618       0x34 ./Core/Src/ILI9341_STM32_Driver.o
                0x08000618                ILI9341_Write_Data
 .text.ILI9341_Set_Address
                0x0800064c       0x4e ./Core/Src/ILI9341_STM32_Driver.o
                0x0800064c                ILI9341_Set_Address
 .text.ILI9341_Reset
                0x0800069a       0x32 ./Core/Src/ILI9341_STM32_Driver.o
                0x0800069a                ILI9341_Reset
 .text.ILI9341_Set_Rotation
                0x080006cc       0x54 ./Core/Src/ILI9341_STM32_Driver.o
                0x080006cc                ILI9341_Set_Rotation
 .text.ILI9341_Enable
                0x08000720       0x10 ./Core/Src/ILI9341_STM32_Driver.o
                0x08000720                ILI9341_Enable
 .text.ILI9341_Init
                0x08000730      0x216 ./Core/Src/ILI9341_STM32_Driver.o
                0x08000730                ILI9341_Init
 *fill*         0x08000946        0x2 
 .text.ILI9341_Draw_Colour_Burst
                0x08000948       0x98 ./Core/Src/ILI9341_STM32_Driver.o
                0x08000948                ILI9341_Draw_Colour_Burst
 .text.ILI9341_Fill_Screen
                0x080009e0       0x30 ./Core/Src/ILI9341_STM32_Driver.o
                0x080009e0                ILI9341_Fill_Screen
 .text.ILI9341_Draw_Pixel
                0x08000a10      0x150 ./Core/Src/ILI9341_STM32_Driver.o
                0x08000a10                ILI9341_Draw_Pixel
 .text.ILI9341_Draw_Rectangle
                0x08000b60       0x5c ./Core/Src/ILI9341_STM32_Driver.o
                0x08000b60                ILI9341_Draw_Rectangle
 .text.draw_battery
                0x08000bbc       0x80 ./Core/Src/main.o
                0x08000bbc                draw_battery
 .text.process_battery
                0x08000c3c       0x80 ./Core/Src/main.o
                0x08000c3c                process_battery
 .text.draw_hp  0x08000cbc       0x38 ./Core/Src/main.o
                0x08000cbc                draw_hp
 .text.draw_score
                0x08000cf4       0x68 ./Core/Src/main.o
                0x08000cf4                draw_score
 .text.copy_level
                0x08000d5c       0x1c ./Core/Src/main.o
                0x08000d5c                copy_level
 .text.draw_block
                0x08000d78       0x8c ./Core/Src/main.o
                0x08000d78                draw_block
 .text.draw_blocks
                0x08000e04       0x20 ./Core/Src/main.o
                0x08000e04                draw_blocks
 .text.draw_set_time
                0x08000e24       0x34 ./Core/Src/main.o
                0x08000e24                draw_set_time
 .text.draw_set_alarm
                0x08000e58       0x34 ./Core/Src/main.o
                0x08000e58                draw_set_alarm
 .text.start_ball
                0x08000e8c       0x3c ./Core/Src/main.o
                0x08000e8c                start_ball
 .text.draw_top_borders
                0x08000ec8       0x64 ./Core/Src/main.o
                0x08000ec8                draw_top_borders
 .text.draw_game_borders
                0x08000f2c       0x64 ./Core/Src/main.o
                0x08000f2c                draw_game_borders
 .text.start_platform
                0x08000f90       0xac ./Core/Src/main.o
                0x08000f90                start_platform
 .text.move_ball
                0x0800103c      0x224 ./Core/Src/main.o
                0x0800103c                move_ball
 .text.move_platform
                0x08001260      0x130 ./Core/Src/main.o
                0x08001260                move_platform
 .text.draw_msg
                0x08001390       0x28 ./Core/Src/main.o
                0x08001390                draw_msg
 .text.delete_msg
                0x080013b8       0x16 ./Core/Src/main.o
                0x080013b8                delete_msg
 *fill*         0x080013ce        0x2 
 .text.prepare_start
                0x080013d0       0xdc ./Core/Src/main.o
                0x080013d0                prepare_start
 .text.prepare_game
                0x080014ac       0x16 ./Core/Src/main.o
                0x080014ac                prepare_game
 .text.draw_min_rectangles
                0x080014c2       0x28 ./Core/Src/main.o
                0x080014c2                draw_min_rectangles
 .text.compare_times
                0x080014ea       0x1a ./Core/Src/main.o
                0x080014ea                compare_times
 .text.draw_hour_rectangles
                0x08001504       0x24 ./Core/Src/main.o
                0x08001504                draw_hour_rectangles
 .text.update_watch
                0x08001528       0x70 ./Core/Src/main.o
                0x08001528                update_watch
 .text.raise_flags
                0x08001598       0x10 ./Core/Src/main.o
                0x08001598                raise_flags
 .text.prepare_watch
                0x080015a8       0x30 ./Core/Src/main.o
                0x080015a8                prepare_watch
 .text.increase_time
                0x080015d8       0x74 ./Core/Src/main.o
                0x080015d8                increase_time
 .text.decrease_time
                0x0800164c       0x4a ./Core/Src/main.o
                0x0800164c                decrease_time
 *fill*         0x08001696        0x2 
 .text.small_buzz
                0x08001698       0x3c ./Core/Src/main.o
                0x08001698                small_buzz
 .text.SystemClock_Config
                0x080016d4       0x5e ./Core/Src/main.o
                0x080016d4                SystemClock_Config
 *fill*         0x08001732        0x2 
 .text.startup.main
                0x08001734      0x7dc ./Core/Src/main.o
                0x08001734                main
 .text.HAL_MspInit
                0x08001f10       0x30 ./Core/Src/stm32f0xx_hal_msp.o
                0x08001f10                HAL_MspInit
 .text.HAL_ADC_MspInit
                0x08001f40       0x5c ./Core/Src/stm32f0xx_hal_msp.o
                0x08001f40                HAL_ADC_MspInit
 .text.HAL_SPI_MspInit
                0x08001f9c       0x60 ./Core/Src/stm32f0xx_hal_msp.o
                0x08001f9c                HAL_SPI_MspInit
 .text.HAL_TIM_Base_MspInit
                0x08001ffc       0xdc ./Core/Src/stm32f0xx_hal_msp.o
                0x08001ffc                HAL_TIM_Base_MspInit
 .text.HAL_TIM_MspPostInit
                0x080020d8       0x50 ./Core/Src/stm32f0xx_hal_msp.o
                0x080020d8                HAL_TIM_MspPostInit
 .text.NMI_Handler
                0x08002128        0x2 ./Core/Src/stm32f0xx_it.o
                0x08002128                NMI_Handler
 .text.HardFault_Handler
                0x0800212a        0x2 ./Core/Src/stm32f0xx_it.o
                0x0800212a                HardFault_Handler
 .text.SVC_Handler
                0x0800212c        0x2 ./Core/Src/stm32f0xx_it.o
                0x0800212c                SVC_Handler
 .text.PendSV_Handler
                0x0800212e        0x2 ./Core/Src/stm32f0xx_it.o
                0x0800212e                PendSV_Handler
 .text.SysTick_Handler
                0x08002130        0x8 ./Core/Src/stm32f0xx_it.o
                0x08002130                SysTick_Handler
 .text.TIM3_IRQHandler
                0x08002138       0x1c ./Core/Src/stm32f0xx_it.o
                0x08002138                TIM3_IRQHandler
 .text.TIM14_IRQHandler
                0x08002154       0x78 ./Core/Src/stm32f0xx_it.o
                0x08002154                TIM14_IRQHandler
 .text.TIM16_IRQHandler
                0x080021cc       0x18 ./Core/Src/stm32f0xx_it.o
                0x080021cc                TIM16_IRQHandler
 .text.TIM17_IRQHandler
                0x080021e4       0x18 ./Core/Src/stm32f0xx_it.o
                0x080021e4                TIM17_IRQHandler
 .text.SystemInit
                0x080021fc        0x2 ./Core/Src/system_stm32f0xx.o
                0x080021fc                SystemInit
 *fill*         0x080021fe        0x2 
 .text.Reset_Handler
                0x08002200       0x50 ./Core/Startup/startup_stm32f030f4px.o
                0x08002200                Reset_Handler
 .text.Default_Handler
                0x08002250        0x2 ./Core/Startup/startup_stm32f030f4px.o
                0x08002250                TIM1_CC_IRQHandler
                0x08002250                I2C1_IRQHandler
                0x08002250                SPI1_IRQHandler
                0x08002250                EXTI2_3_IRQHandler
                0x08002250                ADC1_IRQHandler
                0x08002250                RTC_IRQHandler
                0x08002250                EXTI4_15_IRQHandler
                0x08002250                RCC_IRQHandler
                0x08002250                DMA1_Channel1_IRQHandler
                0x08002250                Default_Handler
                0x08002250                DMA1_Channel4_5_IRQHandler
                0x08002250                EXTI0_1_IRQHandler
                0x08002250                WWDG_IRQHandler
                0x08002250                DMA1_Channel2_3_IRQHandler
                0x08002250                FLASH_IRQHandler
                0x08002250                USART1_IRQHandler
                0x08002250                TIM1_BRK_UP_TRG_COM_IRQHandler
 *fill*         0x08002252        0x2 
 .text.HAL_InitTick
                0x08002254       0x48 ./Drivers/STM32F0xx_HAL_Driver/Src/stm32f0xx_hal.o
                0x08002254                HAL_InitTick
 .text.HAL_Init
                0x0800229c       0x20 ./Drivers/STM32F0xx_HAL_Driver/Src/stm32f0xx_hal.o
                0x0800229c                HAL_Init
 .text.HAL_IncTick
                0x080022bc       0x18 ./Drivers/STM32F0xx_HAL_Driver/Src/stm32f0xx_hal.o
                0x080022bc                HAL_IncTick
 .text.HAL_GetTick
                0x080022d4        0xc ./Drivers/STM32F0xx_HAL_Driver/Src/stm32f0xx_hal.o
                0x080022d4                HAL_GetTick
 .text.HAL_Delay
                0x080022e0       0x24 ./Drivers/STM32F0xx_HAL_Driver/Src/stm32f0xx_hal.o
                0x080022e0                HAL_Delay
 .text.ADC_Enable.constprop.0
                0x08002304       0xa0 ./Drivers/STM32F0xx_HAL_Driver/Src/stm32f0xx_hal_adc.o
 .text.HAL_ADC_Init
                0x080023a4      0x144 ./Drivers/STM32F0xx_HAL_Driver/Src/stm32f0xx_hal_adc.o
                0x080023a4                HAL_ADC_Init
 .text.HAL_ADC_Start
                0x080024e8       0x58 ./Drivers/STM32F0xx_HAL_Driver/Src/stm32f0xx_hal_adc.o
                0x080024e8                HAL_ADC_Start
 .text.HAL_ADC_PollForConversion
                0x08002540       0xc8 ./Drivers/STM32F0xx_HAL_Driver/Src/stm32f0xx_hal_adc.o
                0x08002540                HAL_ADC_PollForConversion
 .text.HAL_ADC_GetValue
                0x08002608        0x6 ./Drivers/STM32F0xx_HAL_Driver/Src/stm32f0xx_hal_adc.o
                0x08002608                HAL_ADC_GetValue
 *fill*         0x0800260e        0x2 
 .text.HAL_ADC_ConfigChannel
                0x08002610       0xe0 ./Drivers/STM32F0xx_HAL_Driver/Src/stm32f0xx_hal_adc.o
                0x08002610                HAL_ADC_ConfigChannel
 .text.HAL_NVIC_SetPriority
                0x080026f0       0x54 ./Drivers/STM32F0xx_HAL_Driver/Src/stm32f0xx_hal_cortex.o
                0x080026f0                HAL_NVIC_SetPriority
 .text.HAL_NVIC_EnableIRQ
                0x08002744       0x18 ./Drivers/STM32F0xx_HAL_Driver/Src/stm32f0xx_hal_cortex.o
                0x08002744                HAL_NVIC_EnableIRQ
 .text.HAL_SYSTICK_Config
                0x0800275c       0x34 ./Drivers/STM32F0xx_HAL_Driver/Src/stm32f0xx_hal_cortex.o
                0x0800275c                HAL_SYSTICK_Config
 .text.HAL_GPIO_Init
                0x08002790      0x170 ./Drivers/STM32F0xx_HAL_Driver/Src/stm32f0xx_hal_gpio.o
                0x08002790                HAL_GPIO_Init
 .text.HAL_GPIO_ReadPin
                0x08002900        0xc ./Drivers/STM32F0xx_HAL_Driver/Src/stm32f0xx_hal_gpio.o
                0x08002900                HAL_GPIO_ReadPin
 .text.HAL_GPIO_WritePin
                0x0800290c        0xc ./Drivers/STM32F0xx_HAL_Driver/Src/stm32f0xx_hal_gpio.o
                0x0800290c                HAL_GPIO_WritePin
 .text.HAL_GPIO_TogglePin
                0x08002918       0x10 ./Drivers/STM32F0xx_HAL_Driver/Src/stm32f0xx_hal_gpio.o
                0x08002918                HAL_GPIO_TogglePin
 .text.HAL_RCC_OscConfig
                0x08002928      0x3fc ./Drivers/STM32F0xx_HAL_Driver/Src/stm32f0xx_hal_rcc.o
                0x08002928                HAL_RCC_OscConfig
 .text.HAL_RCC_GetSysClockFreq
                0x08002d24       0x4c ./Drivers/STM32F0xx_HAL_Driver/Src/stm32f0xx_hal_rcc.o
                0x08002d24                HAL_RCC_GetSysClockFreq
 .text.HAL_RCC_ClockConfig
                0x08002d70      0x108 ./Drivers/STM32F0xx_HAL_Driver/Src/stm32f0xx_hal_rcc.o
                0x08002d70                HAL_RCC_ClockConfig
 .text.SPI_WaitFlagStateUntilTimeout.constprop.0
                0x08002e78       0xb8 ./Drivers/STM32F0xx_HAL_Driver/Src/stm32f0xx_hal_spi.o
 .text.SPI_WaitFifoStateUntilTimeout.constprop.0
                0x08002f30       0xd8 ./Drivers/STM32F0xx_HAL_Driver/Src/stm32f0xx_hal_spi.o
 .text.SPI_EndRxTxTransaction
                0x08003008       0x46 ./Drivers/STM32F0xx_HAL_Driver/Src/stm32f0xx_hal_spi.o
 *fill*         0x0800304e        0x2 
 .text.HAL_SPI_Init
                0x08003050       0xf0 ./Drivers/STM32F0xx_HAL_Driver/Src/stm32f0xx_hal_spi.o
                0x08003050                HAL_SPI_Init
 .text.HAL_SPI_Transmit
                0x08003140      0x184 ./Drivers/STM32F0xx_HAL_Driver/Src/stm32f0xx_hal_spi.o
                0x08003140                HAL_SPI_Transmit
 .text.TIM_OC1_SetConfig
                0x080032c4       0x78 ./Drivers/STM32F0xx_HAL_Driver/Src/stm32f0xx_hal_tim.o
 .text.TIM_OC3_SetConfig
                0x0800333c       0x80 ./Drivers/STM32F0xx_HAL_Driver/Src/stm32f0xx_hal_tim.o
 .text.TIM_OC4_SetConfig
                0x080033bc       0x68 ./Drivers/STM32F0xx_HAL_Driver/Src/stm32f0xx_hal_tim.o
 .text.HAL_TIM_Base_Start_IT
                0x08003424       0x4c ./Drivers/STM32F0xx_HAL_Driver/Src/stm32f0xx_hal_tim.o
                0x08003424                HAL_TIM_Base_Start_IT
 .text.HAL_TIM_Base_Stop_IT
                0x08003470       0x34 ./Drivers/STM32F0xx_HAL_Driver/Src/stm32f0xx_hal_tim.o
                0x08003470                HAL_TIM_Base_Stop_IT
 .text.HAL_TIM_PWM_MspInit
                0x080034a4        0x2 ./Drivers/STM32F0xx_HAL_Driver/Src/stm32f0xx_hal_tim.o
                0x080034a4                HAL_TIM_PWM_MspInit
 .text.HAL_TIM_PeriodElapsedCallback
                0x080034a6        0x2 ./Drivers/STM32F0xx_HAL_Driver/Src/stm32f0xx_hal_tim.o
                0x080034a6                HAL_TIM_PeriodElapsedCallback
 .text.HAL_TIM_OC_DelayElapsedCallback
                0x080034a8        0x2 ./Drivers/STM32F0xx_HAL_Driver/Src/stm32f0xx_hal_tim.o
                0x080034a8                HAL_TIM_OC_DelayElapsedCallback
 .text.HAL_TIM_IC_CaptureCallback
                0x080034aa        0x2 ./Drivers/STM32F0xx_HAL_Driver/Src/stm32f0xx_hal_tim.o
                0x080034aa                HAL_TIM_IC_CaptureCallback
 .text.HAL_TIM_PWM_PulseFinishedCallback
                0x080034ac        0x2 ./Drivers/STM32F0xx_HAL_Driver/Src/stm32f0xx_hal_tim.o
                0x080034ac                HAL_TIM_PWM_PulseFinishedCallback
 .text.HAL_TIM_TriggerCallback
                0x080034ae        0x2 ./Drivers/STM32F0xx_HAL_Driver/Src/stm32f0xx_hal_tim.o
                0x080034ae                HAL_TIM_TriggerCallback
 .text.HAL_TIM_IRQHandler
                0x080034b0      0x148 ./Drivers/STM32F0xx_HAL_Driver/Src/stm32f0xx_hal_tim.o
                0x080034b0                HAL_TIM_IRQHandler
 .text.TIM_Base_SetConfig
                0x080035f8       0x80 ./Drivers/STM32F0xx_HAL_Driver/Src/stm32f0xx_hal_tim.o
                0x080035f8                TIM_Base_SetConfig
 .text.HAL_TIM_Base_Init
                0x08003678       0x50 ./Drivers/STM32F0xx_HAL_Driver/Src/stm32f0xx_hal_tim.o
                0x08003678                HAL_TIM_Base_Init
 .text.HAL_TIM_PWM_Init
                0x080036c8       0x50 ./Drivers/STM32F0xx_HAL_Driver/Src/stm32f0xx_hal_tim.o
                0x080036c8                HAL_TIM_PWM_Init
 .text.TIM_OC2_SetConfig
                0x08003718       0x78 ./Drivers/STM32F0xx_HAL_Driver/Src/stm32f0xx_hal_tim.o
                0x08003718                TIM_OC2_SetConfig
 .text.HAL_TIM_PWM_ConfigChannel
                0x08003790       0xc0 ./Drivers/STM32F0xx_HAL_Driver/Src/stm32f0xx_hal_tim.o
                0x08003790                HAL_TIM_PWM_ConfigChannel
 .text.TIM_ETR_SetConfig
                0x08003850       0x18 ./Drivers/STM32F0xx_HAL_Driver/Src/stm32f0xx_hal_tim.o
                0x08003850                TIM_ETR_SetConfig
 .text.HAL_TIM_ConfigClockSource
                0x08003868      0x12c ./Drivers/STM32F0xx_HAL_Driver/Src/stm32f0xx_hal_tim.o
                0x08003868                HAL_TIM_ConfigClockSource
 .text.TIM_CCxChannelCmd
                0x08003994       0x1a ./Drivers/STM32F0xx_HAL_Driver/Src/stm32f0xx_hal_tim.o
                0x08003994                TIM_CCxChannelCmd
 *fill*         0x080039ae        0x2 
 .text.HAL_TIM_OC_Start
                0x080039b0       0xac ./Drivers/STM32F0xx_HAL_Driver/Src/stm32f0xx_hal_tim.o
                0x080039b0                HAL_TIM_OC_Start
 .text.HAL_TIM_PWM_Start
                0x08003a5c        0x8 ./Drivers/STM32F0xx_HAL_Driver/Src/stm32f0xx_hal_tim.o
                0x08003a5c                HAL_TIM_PWM_Start
 .text.HAL_TIM_OC_Stop
                0x08003a64       0x8c ./Drivers/STM32F0xx_HAL_Driver/Src/stm32f0xx_hal_tim.o
                0x08003a64                HAL_TIM_OC_Stop
 .text.HAL_TIM_PWM_Stop
                0x08003af0        0x8 ./Drivers/STM32F0xx_HAL_Driver/Src/stm32f0xx_hal_tim.o
                0x08003af0                HAL_TIM_PWM_Stop
 .text.HAL_TIMEx_MasterConfigSynchronization
                0x08003af8       0x50 ./Drivers/STM32F0xx_HAL_Driver/Src/stm32f0xx_hal_tim_ex.o
                0x08003af8                HAL_TIMEx_MasterConfigSynchronization
 .text.HAL_TIMEx_ConfigBreakDeadTime
                0x08003b48       0x64 ./Drivers/STM32F0xx_HAL_Driver/Src/stm32f0xx_hal_tim_ex.o
                0x08003b48                HAL_TIMEx_ConfigBreakDeadTime
 .text.HAL_TIMEx_CommutCallback
                0x08003bac        0x2 ./Drivers/STM32F0xx_HAL_Driver/Src/stm32f0xx_hal_tim_ex.o
                0x08003bac                HAL_TIMEx_CommutCallback
 .text.HAL_TIMEx_BreakCallback
                0x08003bae        0x2 ./Drivers/STM32F0xx_HAL_Driver/Src/stm32f0xx_hal_tim_ex.o
                0x08003bae                HAL_TIMEx_BreakCallback
 .text.memset   0x08003bb0       0x10 /opt/st/stm32cubeide_1.15.0_2/plugins/com.st.stm32cube.ide.mcu.externaltools.gnu-tools-for-stm32.12.3.rel1.linux64_1.0.100.202403111256/tools/bin/../lib/gcc/arm-none-eabi/12.3.1/../../../../arm-none-eabi/lib/thumb/v6-m/nofp/libc_nano.a(libc_a-memset.o)
                0x08003bb0                memset
 .text.__libc_init_array
                0x08003bc0       0x48 /opt/st/stm32cubeide_1.15.0_2/plugins/com.st.stm32cube.ide.mcu.externaltools.gnu-tools-for-stm32.12.3.rel1.linux64_1.0.100.202403111256/tools/bin/../lib/gcc/arm-none-eabi/12.3.1/../../../../arm-none-eabi/lib/thumb/v6-m/nofp/libc_nano.a(libc_a-init.o)
                0x08003bc0                __libc_init_array
 .text.memcpy   0x08003c08       0x12 /opt/st/stm32cubeide_1.15.0_2/plugins/com.st.stm32cube.ide.mcu.externaltools.gnu-tools-for-stm32.12.3.rel1.linux64_1.0.100.202403111256/tools/bin/../lib/gcc/arm-none-eabi/12.3.1/../../../../arm-none-eabi/lib/thumb/v6-m/nofp/libc_nano.a(libc_a-memcpy-stub.o)
                0x08003c08                memcpy
 *(.glue_7)
 .glue_7        0x08003c1a        0x0 linker stubs
 *(.glue_7t)
 .glue_7t       0x08003c1a        0x0 linker stubs
 *(.eh_frame)
 *fill*         0x08003c1a        0x2 
 .eh_frame      0x08003c1c        0x0 /opt/st/stm32cubeide_1.15.0_2/plugins/com.st.stm32cube.ide.mcu.externaltools.gnu-tools-for-stm32.12.3.rel1.linux64_1.0.100.202403111256/tools/bin/../lib/gcc/arm-none-eabi/12.3.1/thumb/v6-m/nofp/crtbegin.o
 *(.init)
 .init          0x08003c1c        0x4 /opt/st/stm32cubeide_1.15.0_2/plugins/com.st.stm32cube.ide.mcu.externaltools.gnu-tools-for-stm32.12.3.rel1.linux64_1.0.100.202403111256/tools/bin/../lib/gcc/arm-none-eabi/12.3.1/thumb/v6-m/nofp/crti.o
                0x08003c1c                _init
 .init          0x08003c20        0x8 /opt/st/stm32cubeide_1.15.0_2/plugins/com.st.stm32cube.ide.mcu.externaltools.gnu-tools-for-stm32.12.3.rel1.linux64_1.0.100.202403111256/tools/bin/../lib/gcc/arm-none-eabi/12.3.1/thumb/v6-m/nofp/crtn.o
 *(.fini)
 .fini          0x08003c28        0x4 /opt/st/stm32cubeide_1.15.0_2/plugins/com.st.stm32cube.ide.mcu.externaltools.gnu-tools-for-stm32.12.3.rel1.linux64_1.0.100.202403111256/tools/bin/../lib/gcc/arm-none-eabi/12.3.1/thumb/v6-m/nofp/crti.o
                0x08003c28                _fini
 .fini          0x08003c2c        0x8 /opt/st/stm32cubeide_1.15.0_2/plugins/com.st.stm32cube.ide.mcu.externaltools.gnu-tools-for-stm32.12.3.rel1.linux64_1.0.100.202403111256/tools/bin/../lib/gcc/arm-none-eabi/12.3.1/thumb/v6-m/nofp/crtn.o
                0x08003c34                        . = ALIGN (0x4)
                0x08003c34                        _etext = .

.vfp11_veneer   0x08003c34        0x0
 .vfp11_veneer  0x08003c34        0x0 linker stubs

.v4_bx          0x08003c34        0x0
 .v4_bx         0x08003c34        0x0 linker stubs

.iplt           0x08003c34        0x0
 .iplt          0x08003c34        0x0 /opt/st/stm32cubeide_1.15.0_2/plugins/com.st.stm32cube.ide.mcu.externaltools.gnu-tools-for-stm32.12.3.rel1.linux64_1.0.100.202403111256/tools/bin/../lib/gcc/arm-none-eabi/12.3.1/thumb/v6-m/nofp/crtbegin.o

.rodata         0x08003c34      0x2bc
                0x08003c34                        . = ALIGN (0x4)
 *(.rodata)
 *(.rodata*)
 .rodata.font   0x08003c34      0x240 ./Core/Src/ILI9341_GFX.o
 .rodata.draw_hp.str1.1
                0x08003e74        0x3 ./Core/Src/main.o
 .rodata.draw_score.str1.1
                0x08003e77        0x6 ./Core/Src/main.o
 .rodata.draw_set_time.str1.1
                0x08003e7d        0x9 ./Core/Src/main.o
 .rodata.draw_set_alarm.str1.1
                0x08003e86        0xa ./Core/Src/main.o
 .rodata.draw_msg.str1.1
                0x08003e90        0xd ./Core/Src/main.o
 .rodata.prepare_start.str1.1
                0x08003e9d        0x5 ./Core/Src/main.o
                                  0xa (size before relaxing)
 .rodata.main.str1.1
                0x08003ea2       0x1c ./Core/Src/main.o
 .rodata.AHBPrescTable
                0x08003ebe       0x10 ./Core/Src/system_stm32f0xx.o
                0x08003ebe                AHBPrescTable
 .rodata.aPredivFactorTable.0
                0x08003ece       0x10 ./Drivers/STM32F0xx_HAL_Driver/Src/stm32f0xx_hal_rcc.o
 .rodata.aPLLMULFactorTable.1
                0x08003ede       0x10 ./Drivers/STM32F0xx_HAL_Driver/Src/stm32f0xx_hal_rcc.o
                0x08003ef0                        . = ALIGN (0x4)
 *fill*         0x08003eee        0x2 

.ARM.extab      0x08003ef0        0x0
                0x08003ef0                        . = ALIGN (0x4)
 *(.ARM.extab* .gnu.linkonce.armextab.*)
                0x08003ef0                        . = ALIGN (0x4)

.ARM            0x08003ef0        0x0
                0x08003ef0                        . = ALIGN (0x4)
                0x08003ef0                        __exidx_start = .
 *(.ARM.exidx*)
                0x08003ef0                        __exidx_end = .
                0x08003ef0                        . = ALIGN (0x4)

.preinit_array  0x08003ef0        0x0
                0x08003ef0                        . = ALIGN (0x4)
                0x08003ef0                        PROVIDE (__preinit_array_start = .)
 *(.preinit_array*)
                0x08003ef0                        PROVIDE (__preinit_array_end = .)
                0x08003ef0                        . = ALIGN (0x4)

.init_array     0x08003ef0        0x4
                0x08003ef0                        . = ALIGN (0x4)
                0x08003ef0                        PROVIDE (__init_array_start = .)
 *(SORT_BY_NAME(.init_array.*))
 *(.init_array*)
 .init_array    0x08003ef0        0x4 /opt/st/stm32cubeide_1.15.0_2/plugins/com.st.stm32cube.ide.mcu.externaltools.gnu-tools-for-stm32.12.3.rel1.linux64_1.0.100.202403111256/tools/bin/../lib/gcc/arm-none-eabi/12.3.1/thumb/v6-m/nofp/crtbegin.o
                0x08003ef4                        PROVIDE (__init_array_end = .)
                0x08003ef4                        . = ALIGN (0x4)

.fini_array     0x08003ef4        0x4
                0x08003ef4                        . = ALIGN (0x4)
                [!provide]                        PROVIDE (__fini_array_start = .)
 *(SORT_BY_NAME(.fini_array.*))
 *(.fini_array*)
 .fini_array    0x08003ef4        0x4 /opt/st/stm32cubeide_1.15.0_2/plugins/com.st.stm32cube.ide.mcu.externaltools.gnu-tools-for-stm32.12.3.rel1.linux64_1.0.100.202403111256/tools/bin/../lib/gcc/arm-none-eabi/12.3.1/thumb/v6-m/nofp/crtbegin.o
                [!provide]                        PROVIDE (__fini_array_end = .)
                0x08003ef8                        . = ALIGN (0x4)
                0x08003ef8                        _sidata = LOADADDR (.data)

.rel.dyn        0x08003ef8        0x0
 .rel.iplt      0x08003ef8        0x0 /opt/st/stm32cubeide_1.15.0_2/plugins/com.st.stm32cube.ide.mcu.externaltools.gnu-tools-for-stm32.12.3.rel1.linux64_1.0.100.202403111256/tools/bin/../lib/gcc/arm-none-eabi/12.3.1/thumb/v6-m/nofp/crtbegin.o

.data           0x20000000       0x9c load address 0x08003ef8
                0x20000000                        . = ALIGN (0x4)
                0x20000000                        _sdata = .
 *(.data)
 *(.data*)
 .data.LCD_WIDTH
                0x20000000        0x2 ./Core/Src/ILI9341_STM32_Driver.o
                0x20000000                LCD_WIDTH
 .data.LCD_HEIGHT
                0x20000002        0x2 ./Core/Src/ILI9341_STM32_Driver.o
                0x20000002                LCD_HEIGHT
 .data.time_limits
                0x20000004        0x5 ./Core/Src/main.o
                0x20000004                time_limits
 .data.positions
                0x20000009       0x12 ./Core/Src/main.o
                0x20000009                positions
 .data.platform_height
                0x2000001b        0x1 ./Core/Src/main.o
                0x2000001b                platform_height
 .data.platform_width
                0x2000001c        0x1 ./Core/Src/main.o
                0x2000001c                platform_width
 .data.platform_position
                0x2000001d        0x1 ./Core/Src/main.o
                0x2000001d                platform_position
 .data.ball_size
                0x2000001e        0x1 ./Core/Src/main.o
                0x2000001e                ball_size
 *fill*         0x2000001f        0x1 
 .data.ball_position
                0x20000020        0x4 ./Core/Src/main.o
                0x20000020                ball_position
 .data.alarm_time
                0x20000024        0xc ./Core/Src/main.o
                0x20000024                alarm_time
 .data.current_time
                0x20000030        0xc ./Core/Src/main.o
                0x20000030                current_time
 .data.RowColors
                0x2000003c       0x10 ./Core/Src/main.o
                0x2000003c                RowColors
 .data.block_states
                0x2000004c       0x3c ./Core/Src/main.o
                0x2000004c                block_states
 .data.battery_thresholds
                0x20000088        0x6 ./Core/Src/main.o
                0x20000088                battery_thresholds
 *fill*         0x2000008e        0x2 
 .data.SystemCoreClock
                0x20000090        0x4 ./Core/Src/system_stm32f0xx.o
                0x20000090                SystemCoreClock
 .data.uwTickFreq
                0x20000094        0x1 ./Drivers/STM32F0xx_HAL_Driver/Src/stm32f0xx_hal.o
                0x20000094                uwTickFreq
 *fill*         0x20000095        0x3 
 .data.uwTickPrio
                0x20000098        0x4 ./Drivers/STM32F0xx_HAL_Driver/Src/stm32f0xx_hal.o
                0x20000098                uwTickPrio
 *(.RamFunc)
 *(.RamFunc*)
                0x2000009c                        . = ALIGN (0x4)
                0x2000009c                        _edata = .

.igot.plt       0x2000009c        0x0 load address 0x08003f94
 .igot.plt      0x2000009c        0x0 /opt/st/stm32cubeide_1.15.0_2/plugins/com.st.stm32cube.ide.mcu.externaltools.gnu-tools-for-stm32.12.3.rel1.linux64_1.0.100.202403111256/tools/bin/../lib/gcc/arm-none-eabi/12.3.1/thumb/v6-m/nofp/crtbegin.o
                0x2000009c                        . = ALIGN (0x4)

.bss            0x2000009c      0x260 load address 0x08003f94
                0x2000009c                        _sbss = .
                0x2000009c                        __bss_start__ = _sbss
 *(.bss)
 .bss           0x2000009c       0x1c /opt/st/stm32cubeide_1.15.0_2/plugins/com.st.stm32cube.ide.mcu.externaltools.gnu-tools-for-stm32.12.3.rel1.linux64_1.0.100.202403111256/tools/bin/../lib/gcc/arm-none-eabi/12.3.1/thumb/v6-m/nofp/crtbegin.o
 *(.bss*)
 .bss.new_battery_level
                0x200000b8        0x1 ./Core/Src/main.o
                0x200000b8                new_battery_level
 .bss.prev_battery_level
                0x200000b9        0x1 ./Core/Src/main.o
                0x200000b9                prev_battery_level
 .bss.ball_hit_something
                0x200000ba        0x1 ./Core/Src/main.o
                0x200000ba                ball_hit_something
 .bss.level     0x200000bb        0x1 ./Core/Src/main.o
                0x200000bb                level
 .bss.score     0x200000bc        0x2 ./Core/Src/main.o
                0x200000bc                score
 .bss.hp        0x200000be        0x1 ./Core/Src/main.o
                0x200000be                hp
 .bss.previously_moved_left
                0x200000bf        0x1 ./Core/Src/main.o
                0x200000bf                previously_moved_left
 .bss.previously_moved_right
                0x200000c0        0x1 ./Core/Src/main.o
                0x200000c0                previously_moved_right
 .bss.platform_direction
                0x200000c1        0x1 ./Core/Src/main.o
                0x200000c1                platform_direction
 .bss.ball_direction
                0x200000c2        0x2 ./Core/Src/main.o
                0x200000c2                ball_direction
 .bss.blink     0x200000c4        0x1 ./Core/Src/main.o
                0x200000c4                blink
 .bss.n_loops   0x200000c5        0x1 ./Core/Src/main.o
                0x200000c5                n_loops
 .bss.next_set_state
                0x200000c6        0x1 ./Core/Src/main.o
                0x200000c6                next_set_state
 .bss.current_set_state
                0x200000c7        0x1 ./Core/Src/main.o
                0x200000c7                current_set_state
 .bss.next_game_state
                0x200000c8        0x1 ./Core/Src/main.o
                0x200000c8                next_game_state
 .bss.current_game_state
                0x200000c9        0x1 ./Core/Src/main.o
                0x200000c9                current_game_state
 .bss.next_clock_state
                0x200000ca        0x1 ./Core/Src/main.o
                0x200000ca                next_clock_state
 .bss.current_clock_state
                0x200000cb        0x1 ./Core/Src/main.o
                0x200000cb                current_clock_state
 .bss.btn_2_is_debounced
                0x200000cc        0x1 ./Core/Src/main.o
                0x200000cc                btn_2_is_debounced
 .bss.btn_1_is_debounced
                0x200000cd        0x1 ./Core/Src/main.o
                0x200000cd                btn_1_is_debounced
 .bss.next_main_state
                0x200000ce        0x1 ./Core/Src/main.o
                0x200000ce                next_main_state
 .bss.current_main_state
                0x200000cf        0x1 ./Core/Src/main.o
                0x200000cf                current_main_state
 .bss.time_to_set
                0x200000d0        0x4 ./Core/Src/main.o
                0x200000d0                time_to_set
 .bss.current_block_states
                0x200000d4       0x14 ./Core/Src/main.o
                0x200000d4                current_block_states
 .bss.htim17    0x200000e8       0x48 ./Core/Src/main.o
                0x200000e8                htim17
 .bss.htim16    0x20000130       0x48 ./Core/Src/main.o
                0x20000130                htim16
 .bss.htim14    0x20000178       0x48 ./Core/Src/main.o
                0x20000178                htim14
 .bss.htim3     0x200001c0       0x48 ./Core/Src/main.o
                0x200001c0                htim3
 .bss.htim1     0x20000208       0x48 ./Core/Src/main.o
                0x20000208                htim1
 .bss.hspi1     0x20000250       0x64 ./Core/Src/main.o
                0x20000250                hspi1
 .bss.hadc      0x200002b4       0x40 ./Core/Src/main.o
                0x200002b4                hadc
 .bss.State_2.0
                0x200002f4        0x2 ./Core/Src/stm32f0xx_it.o
 .bss.State_1.1
                0x200002f6        0x2 ./Core/Src/stm32f0xx_it.o
 .bss.uwTick    0x200002f8        0x4 ./Drivers/STM32F0xx_HAL_Driver/Src/stm32f0xx_hal.o
                0x200002f8                uwTick
 *(COMMON)
                0x200002fc                        . = ALIGN (0x4)
                0x200002fc                        _ebss = .
                0x200002fc                        __bss_end__ = _ebss

._user_heap_stack
                0x200002fc      0x604 load address 0x08003f94
                0x20000300                        . = ALIGN (0x8)
 *fill*         0x200002fc        0x4 
                [!provide]                        PROVIDE (end = .)
                0x20000300                        PROVIDE (_end = .)
                0x20000500                        . = (. + _Min_Heap_Size)
 *fill*         0x20000300      0x200 
                0x20000900                        . = (. + _Min_Stack_Size)
 *fill*         0x20000500      0x400 
                0x20000900                        . = ALIGN (0x8)

/DISCARD/
 libc.a(*)
 libm.a(*)
 libgcc.a(*)

.ARM.attributes
                0x00000000       0x28
 *(.ARM.attributes)
 .ARM.attributes
                0x00000000       0x1e /opt/st/stm32cubeide_1.15.0_2/plugins/com.st.stm32cube.ide.mcu.externaltools.gnu-tools-for-stm32.12.3.rel1.linux64_1.0.100.202403111256/tools/bin/../lib/gcc/arm-none-eabi/12.3.1/thumb/v6-m/nofp/crti.o
 .ARM.attributes
                0x0000001e       0x2c /opt/st/stm32cubeide_1.15.0_2/plugins/com.st.stm32cube.ide.mcu.externaltools.gnu-tools-for-stm32.12.3.rel1.linux64_1.0.100.202403111256/tools/bin/../lib/gcc/arm-none-eabi/12.3.1/thumb/v6-m/nofp/crtbegin.o
 .ARM.attributes
                0x0000004a       0x2c ./Core/Src/ILI9341_GFX.o
 .ARM.attributes
                0x00000076       0x2c ./Core/Src/ILI9341_STM32_Driver.o
 .ARM.attributes
                0x000000a2       0x2c ./Core/Src/main.o
 .ARM.attributes
                0x000000ce       0x2c ./Core/Src/stm32f0xx_hal_msp.o
 .ARM.attributes
                0x000000fa       0x2c ./Core/Src/stm32f0xx_it.o
 .ARM.attributes
                0x00000126       0x2c ./Core/Src/system_stm32f0xx.o
 .ARM.attributes
                0x00000152       0x21 ./Core/Startup/startup_stm32f030f4px.o
 .ARM.attributes
                0x00000173       0x2c ./Drivers/STM32F0xx_HAL_Driver/Src/stm32f0xx_hal.o
 .ARM.attributes
                0x0000019f       0x2c ./Drivers/STM32F0xx_HAL_Driver/Src/stm32f0xx_hal_adc.o
 .ARM.attributes
                0x000001cb       0x2c ./Drivers/STM32F0xx_HAL_Driver/Src/stm32f0xx_hal_cortex.o
 .ARM.attributes
                0x000001f7       0x2c ./Drivers/STM32F0xx_HAL_Driver/Src/stm32f0xx_hal_gpio.o
 .ARM.attributes
                0x00000223       0x2c ./Drivers/STM32F0xx_HAL_Driver/Src/stm32f0xx_hal_rcc.o
 .ARM.attributes
                0x0000024f       0x2c ./Drivers/STM32F0xx_HAL_Driver/Src/stm32f0xx_hal_spi.o
 .ARM.attributes
                0x0000027b       0x2c ./Drivers/STM32F0xx_HAL_Driver/Src/stm32f0xx_hal_tim.o
 .ARM.attributes
                0x000002a7       0x2c ./Drivers/STM32F0xx_HAL_Driver/Src/stm32f0xx_hal_tim_ex.o
 .ARM.attributes
                0x000002d3       0x2c /opt/st/stm32cubeide_1.15.0_2/plugins/com.st.stm32cube.ide.mcu.externaltools.gnu-tools-for-stm32.12.3.rel1.linux64_1.0.100.202403111256/tools/bin/../lib/gcc/arm-none-eabi/12.3.1/../../../../arm-none-eabi/lib/thumb/v6-m/nofp/libc_nano.a(libc_a-memset.o)
 .ARM.attributes
                0x000002ff       0x2c /opt/st/stm32cubeide_1.15.0_2/plugins/com.st.stm32cube.ide.mcu.externaltools.gnu-tools-for-stm32.12.3.rel1.linux64_1.0.100.202403111256/tools/bin/../lib/gcc/arm-none-eabi/12.3.1/../../../../arm-none-eabi/lib/thumb/v6-m/nofp/libc_nano.a(libc_a-init.o)
 .ARM.attributes
                0x0000032b       0x2c /opt/st/stm32cubeide_1.15.0_2/plugins/com.st.stm32cube.ide.mcu.externaltools.gnu-tools-for-stm32.12.3.rel1.linux64_1.0.100.202403111256/tools/bin/../lib/gcc/arm-none-eabi/12.3.1/../../../../arm-none-eabi/lib/thumb/v6-m/nofp/libc_nano.a(libc_a-memcpy-stub.o)
 .ARM.attributes
                0x00000357       0x1e /opt/st/stm32cubeide_1.15.0_2/plugins/com.st.stm32cube.ide.mcu.externaltools.gnu-tools-for-stm32.12.3.rel1.linux64_1.0.100.202403111256/tools/bin/../lib/gcc/arm-none-eabi/12.3.1/thumb/v6-m/nofp/libgcc.a(_thumb1_case_uqi.o)
 .ARM.attributes
                0x00000375       0x1e /opt/st/stm32cubeide_1.15.0_2/plugins/com.st.stm32cube.ide.mcu.externaltools.gnu-tools-for-stm32.12.3.rel1.linux64_1.0.100.202403111256/tools/bin/../lib/gcc/arm-none-eabi/12.3.1/thumb/v6-m/nofp/libgcc.a(_udivsi3.o)
 .ARM.attributes
                0x00000393       0x1e /opt/st/stm32cubeide_1.15.0_2/plugins/com.st.stm32cube.ide.mcu.externaltools.gnu-tools-for-stm32.12.3.rel1.linux64_1.0.100.202403111256/tools/bin/../lib/gcc/arm-none-eabi/12.3.1/thumb/v6-m/nofp/libgcc.a(_divsi3.o)
 .ARM.attributes
                0x000003b1       0x1e /opt/st/stm32cubeide_1.15.0_2/plugins/com.st.stm32cube.ide.mcu.externaltools.gnu-tools-for-stm32.12.3.rel1.linux64_1.0.100.202403111256/tools/bin/../lib/gcc/arm-none-eabi/12.3.1/thumb/v6-m/nofp/libgcc.a(_dvmd_tls.o)
 .ARM.attributes
                0x000003cf       0x1e /opt/st/stm32cubeide_1.15.0_2/plugins/com.st.stm32cube.ide.mcu.externaltools.gnu-tools-for-stm32.12.3.rel1.linux64_1.0.100.202403111256/tools/bin/../lib/gcc/arm-none-eabi/12.3.1/thumb/v6-m/nofp/crtn.o
OUTPUT(e_lab_4_all_wires.elf elf32-littlearm)
LOAD linker stubs
LOAD /opt/st/stm32cubeide_1.15.0_2/plugins/com.st.stm32cube.ide.mcu.externaltools.gnu-tools-for-stm32.12.3.rel1.linux64_1.0.100.202403111256/tools/bin/../lib/gcc/arm-none-eabi/12.3.1/../../../../arm-none-eabi/lib/thumb/v6-m/nofp/libc.a
LOAD /opt/st/stm32cubeide_1.15.0_2/plugins/com.st.stm32cube.ide.mcu.externaltools.gnu-tools-for-stm32.12.3.rel1.linux64_1.0.100.202403111256/tools/bin/../lib/gcc/arm-none-eabi/12.3.1/../../../../arm-none-eabi/lib/thumb/v6-m/nofp/libm.a
LOAD /opt/st/stm32cubeide_1.15.0_2/plugins/com.st.stm32cube.ide.mcu.externaltools.gnu-tools-for-stm32.12.3.rel1.linux64_1.0.100.202403111256/tools/bin/../lib/gcc/arm-none-eabi/12.3.1/thumb/v6-m/nofp/libgcc.a

.debug_info     0x00000000    0x12c48
 .debug_info    0x00000000     0x148a ./Core/Src/ILI9341_GFX.o
 .debug_info    0x0000148a     0x19b3 ./Core/Src/ILI9341_STM32_Driver.o
 .debug_info    0x00002e3d     0x37e1 ./Core/Src/main.o
 .debug_info    0x0000661e     0x1195 ./Core/Src/stm32f0xx_hal_msp.o
 .debug_info    0x000077b3      0x942 ./Core/Src/stm32f0xx_it.o
 .debug_info    0x000080f5      0x268 ./Core/Src/system_stm32f0xx.o
 .debug_info    0x0000835d       0x30 ./Core/Startup/startup_stm32f030f4px.o
 .debug_info    0x0000838d      0x736 ./Drivers/STM32F0xx_HAL_Driver/Src/stm32f0xx_hal.o
 .debug_info    0x00008ac3      0xf52 ./Drivers/STM32F0xx_HAL_Driver/Src/stm32f0xx_hal_adc.o
 .debug_info    0x00009a15      0x803 ./Drivers/STM32F0xx_HAL_Driver/Src/stm32f0xx_hal_cortex.o
 .debug_info    0x0000a218      0x600 ./Drivers/STM32F0xx_HAL_Driver/Src/stm32f0xx_hal_gpio.o
 .debug_info    0x0000a818      0xa52 ./Drivers/STM32F0xx_HAL_Driver/Src/stm32f0xx_hal_rcc.o
 .debug_info    0x0000b26a     0x20d8 ./Drivers/STM32F0xx_HAL_Driver/Src/stm32f0xx_hal_spi.o
 .debug_info    0x0000d342     0x405c ./Drivers/STM32F0xx_HAL_Driver/Src/stm32f0xx_hal_tim.o
 .debug_info    0x0001139e     0x18aa ./Drivers/STM32F0xx_HAL_Driver/Src/stm32f0xx_hal_tim_ex.o

.debug_abbrev   0x00000000     0x2786
 .debug_abbrev  0x00000000      0x2ea ./Core/Src/ILI9341_GFX.o
 .debug_abbrev  0x000002ea      0x2af ./Core/Src/ILI9341_STM32_Driver.o
 .debug_abbrev  0x00000599      0x52e ./Core/Src/main.o
 .debug_abbrev  0x00000ac7      0x243 ./Core/Src/stm32f0xx_hal_msp.o
 .debug_abbrev  0x00000d0a      0x271 ./Core/Src/stm32f0xx_it.o
 .debug_abbrev  0x00000f7b      0x138 ./Core/Src/system_stm32f0xx.o
 .debug_abbrev  0x000010b3       0x24 ./Core/Startup/startup_stm32f030f4px.o
 .debug_abbrev  0x000010d7      0x2cb ./Drivers/STM32F0xx_HAL_Driver/Src/stm32f0xx_hal.o
 .debug_abbrev  0x000013a2      0x2b6 ./Drivers/STM32F0xx_HAL_Driver/Src/stm32f0xx_hal_adc.o
 .debug_abbrev  0x00001658      0x29c ./Drivers/STM32F0xx_HAL_Driver/Src/stm32f0xx_hal_cortex.o
 .debug_abbrev  0x000018f4      0x1f4 ./Drivers/STM32F0xx_HAL_Driver/Src/stm32f0xx_hal_gpio.o
 .debug_abbrev  0x00001ae8      0x2c6 ./Drivers/STM32F0xx_HAL_Driver/Src/stm32f0xx_hal_rcc.o
 .debug_abbrev  0x00001dae      0x312 ./Drivers/STM32F0xx_HAL_Driver/Src/stm32f0xx_hal_spi.o
 .debug_abbrev  0x000020c0      0x3b6 ./Drivers/STM32F0xx_HAL_Driver/Src/stm32f0xx_hal_tim.o
 .debug_abbrev  0x00002476      0x310 ./Drivers/STM32F0xx_HAL_Driver/Src/stm32f0xx_hal_tim_ex.o

.debug_loclists
                0x00000000     0x7bab
 .debug_loclists
                0x00000000      0x974 ./Core/Src/ILI9341_GFX.o
 .debug_loclists
                0x00000974      0x431 ./Core/Src/ILI9341_STM32_Driver.o
 .debug_loclists
                0x00000da5      0x52f ./Core/Src/main.o
 .debug_loclists
                0x000012d4      0x152 ./Core/Src/stm32f0xx_hal_msp.o
 .debug_loclists
                0x00001426       0x2c ./Core/Src/stm32f0xx_it.o
 .debug_loclists
                0x00001452       0xe1 ./Core/Src/system_stm32f0xx.o
 .debug_loclists
                0x00001533       0xc4 ./Drivers/STM32F0xx_HAL_Driver/Src/stm32f0xx_hal.o
 .debug_loclists
                0x000015f7      0x7ed ./Drivers/STM32F0xx_HAL_Driver/Src/stm32f0xx_hal_adc.o
 .debug_loclists
                0x00001de4      0x28b ./Drivers/STM32F0xx_HAL_Driver/Src/stm32f0xx_hal_cortex.o
 .debug_loclists
                0x0000206f      0x255 ./Drivers/STM32F0xx_HAL_Driver/Src/stm32f0xx_hal_gpio.o
 .debug_loclists
                0x000022c4      0x3cf ./Drivers/STM32F0xx_HAL_Driver/Src/stm32f0xx_hal_rcc.o
 .debug_loclists
                0x00002693     0x1410 ./Drivers/STM32F0xx_HAL_Driver/Src/stm32f0xx_hal_spi.o
 .debug_loclists
                0x00003aa3     0x32bb ./Drivers/STM32F0xx_HAL_Driver/Src/stm32f0xx_hal_tim.o
 .debug_loclists
                0x00006d5e      0xe4d ./Drivers/STM32F0xx_HAL_Driver/Src/stm32f0xx_hal_tim_ex.o

.debug_aranges  0x00000000      0xcf8
 .debug_aranges
                0x00000000       0x50 ./Core/Src/ILI9341_GFX.o
 .debug_aranges
                0x00000050       0x98 ./Core/Src/ILI9341_STM32_Driver.o
 .debug_aranges
                0x000000e8      0x110 ./Core/Src/main.o
 .debug_aranges
                0x000001f8       0x58 ./Core/Src/stm32f0xx_hal_msp.o
 .debug_aranges
                0x00000250       0x60 ./Core/Src/stm32f0xx_it.o
 .debug_aranges
                0x000002b0       0x28 ./Core/Src/system_stm32f0xx.o
 .debug_aranges
                0x000002d8       0x28 ./Core/Startup/startup_stm32f030f4px.o
 .debug_aranges
                0x00000300       0xd0 ./Drivers/STM32F0xx_HAL_Driver/Src/stm32f0xx_hal.o
 .debug_aranges
                0x000003d0       0xf8 ./Drivers/STM32F0xx_HAL_Driver/Src/stm32f0xx_hal_adc.o
 .debug_aranges
                0x000004c8       0x78 ./Drivers/STM32F0xx_HAL_Driver/Src/stm32f0xx_hal_cortex.o
 .debug_aranges
                0x00000540       0x58 ./Drivers/STM32F0xx_HAL_Driver/Src/stm32f0xx_hal_gpio.o
 .debug_aranges
                0x00000598       0x80 ./Drivers/STM32F0xx_HAL_Driver/Src/stm32f0xx_hal_rcc.o
 .debug_aranges
                0x00000618      0x1d8 ./Drivers/STM32F0xx_HAL_Driver/Src/stm32f0xx_hal_spi.o
 .debug_aranges
                0x000007f0      0x3a0 ./Drivers/STM32F0xx_HAL_Driver/Src/stm32f0xx_hal_tim.o
 .debug_aranges
                0x00000b90      0x168 ./Drivers/STM32F0xx_HAL_Driver/Src/stm32f0xx_hal_tim_ex.o

.debug_rnglists
                0x00000000      0xddb
 .debug_rnglists
                0x00000000       0xdd ./Core/Src/ILI9341_GFX.o
 .debug_rnglists
                0x000000dd       0x7c ./Core/Src/ILI9341_STM32_Driver.o
 .debug_rnglists
                0x00000159      0x17e ./Core/Src/main.o
 .debug_rnglists
                0x000002d7       0xed ./Core/Src/stm32f0xx_hal_msp.o
 .debug_rnglists
                0x000003c4       0x43 ./Core/Src/stm32f0xx_it.o
 .debug_rnglists
                0x00000407       0x19 ./Core/Src/system_stm32f0xx.o
 .debug_rnglists
                0x00000420       0x19 ./Core/Startup/startup_stm32f030f4px.o
 .debug_rnglists
                0x00000439       0x97 ./Drivers/STM32F0xx_HAL_Driver/Src/stm32f0xx_hal.o
 .debug_rnglists
                0x000004d0       0xbd ./Drivers/STM32F0xx_HAL_Driver/Src/stm32f0xx_hal_adc.o
 .debug_rnglists
                0x0000058d       0x85 ./Drivers/STM32F0xx_HAL_Driver/Src/stm32f0xx_hal_cortex.o
 .debug_rnglists
                0x00000612       0x51 ./Drivers/STM32F0xx_HAL_Driver/Src/stm32f0xx_hal_gpio.o
 .debug_rnglists
                0x00000663       0x7f ./Drivers/STM32F0xx_HAL_Driver/Src/stm32f0xx_hal_rcc.o
 .debug_rnglists
                0x000006e2      0x1b8 ./Drivers/STM32F0xx_HAL_Driver/Src/stm32f0xx_hal_spi.o
 .debug_rnglists
                0x0000089a      0x42d ./Drivers/STM32F0xx_HAL_Driver/Src/stm32f0xx_hal_tim.o
 .debug_rnglists
                0x00000cc7      0x114 ./Drivers/STM32F0xx_HAL_Driver/Src/stm32f0xx_hal_tim_ex.o

.debug_macro    0x00000000     0xfe9b
 .debug_macro   0x00000000      0x21d ./Core/Src/ILI9341_GFX.o
 .debug_macro   0x0000021d      0xa90 ./Core/Src/ILI9341_GFX.o
 .debug_macro   0x00000cad      0x139 ./Core/Src/ILI9341_GFX.o
 .debug_macro   0x00000de6       0x2e ./Core/Src/ILI9341_GFX.o
 .debug_macro   0x00000e14       0x22 ./Core/Src/ILI9341_GFX.o
 .debug_macro   0x00000e36       0x22 ./Core/Src/ILI9341_GFX.o
 .debug_macro   0x00000e58       0x8e ./Core/Src/ILI9341_GFX.o
 .debug_macro   0x00000ee6       0x51 ./Core/Src/ILI9341_GFX.o
 .debug_macro   0x00000f37      0x103 ./Core/Src/ILI9341_GFX.o
 .debug_macro   0x0000103a       0x6a ./Core/Src/ILI9341_GFX.o
 .debug_macro   0x000010a4      0x1df ./Core/Src/ILI9341_GFX.o
 .debug_macro   0x00001283       0x1c ./Core/Src/ILI9341_GFX.o
 .debug_macro   0x0000129f       0x22 ./Core/Src/ILI9341_GFX.o
 .debug_macro   0x000012c1       0xaf ./Core/Src/ILI9341_GFX.o
 .debug_macro   0x00001370      0x391 ./Core/Src/ILI9341_GFX.o
 .debug_macro   0x00001701     0x6e6e ./Core/Src/ILI9341_GFX.o
 .debug_macro   0x0000856f       0x66 ./Core/Src/ILI9341_GFX.o
 .debug_macro   0x000085d5     0x34be ./Core/Src/ILI9341_GFX.o
 .debug_macro   0x0000ba93      0x189 ./Core/Src/ILI9341_GFX.o
 .debug_macro   0x0000bc1c       0x55 ./Core/Src/ILI9341_GFX.o
 .debug_macro   0x0000bc71      0x924 ./Core/Src/ILI9341_GFX.o
 .debug_macro   0x0000c595       0xe5 ./Core/Src/ILI9341_GFX.o
 .debug_macro   0x0000c67a      0x1ae ./Core/Src/ILI9341_GFX.o
 .debug_macro   0x0000c828       0xb3 ./Core/Src/ILI9341_GFX.o
 .debug_macro   0x0000c8db      0x1a0 ./Core/Src/ILI9341_GFX.o
 .debug_macro   0x0000ca7b      0x1ed ./Core/Src/ILI9341_GFX.o
 .debug_macro   0x0000cc68       0x34 ./Core/Src/ILI9341_GFX.o
 .debug_macro   0x0000cc9c       0x43 ./Core/Src/ILI9341_GFX.o
 .debug_macro   0x0000ccdf       0x28 ./Core/Src/ILI9341_GFX.o
 .debug_macro   0x0000cd07      0x33d ./Core/Src/ILI9341_GFX.o
 .debug_macro   0x0000d044       0xbc ./Core/Src/ILI9341_GFX.o
 .debug_macro   0x0000d100       0xb0 ./Core/Src/ILI9341_GFX.o
 .debug_macro   0x0000d1b0      0x15a ./Core/Src/ILI9341_GFX.o
 .debug_macro   0x0000d30a      0x22c ./Core/Src/ILI9341_GFX.o
 .debug_macro   0x0000d536       0x61 ./Core/Src/ILI9341_GFX.o
 .debug_macro   0x0000d597       0xa5 ./Core/Src/ILI9341_GFX.o
 .debug_macro   0x0000d63c       0x4c ./Core/Src/ILI9341_GFX.o
 .debug_macro   0x0000d688       0x2b ./Core/Src/ILI9341_GFX.o
 .debug_macro   0x0000d6b3      0x2fe ./Core/Src/ILI9341_GFX.o
 .debug_macro   0x0000d9b1      0x8f4 ./Core/Src/ILI9341_GFX.o
 .debug_macro   0x0000e2a5       0x28 ./Core/Src/ILI9341_GFX.o
 .debug_macro   0x0000e2cd       0xf1 ./Core/Src/ILI9341_GFX.o
 .debug_macro   0x0000e3be       0x22 ./Core/Src/ILI9341_GFX.o
 .debug_macro   0x0000e3e0       0x70 ./Core/Src/ILI9341_GFX.o
 .debug_macro   0x0000e450       0xd2 ./Core/Src/ILI9341_GFX.o
 .debug_macro   0x0000e522       0x10 ./Core/Src/ILI9341_GFX.o
 .debug_macro   0x0000e532       0x16 ./Core/Src/ILI9341_GFX.o
 .debug_macro   0x0000e548      0x1fd ./Core/Src/ILI9341_STM32_Driver.o
 .debug_macro   0x0000e745      0x280 ./Core/Src/main.o
 .debug_macro   0x0000e9c5      0x1ee ./Core/Src/stm32f0xx_hal_msp.o
 .debug_macro   0x0000ebb3      0x1f8 ./Core/Src/stm32f0xx_it.o
 .debug_macro   0x0000edab      0x1d6 ./Core/Src/system_stm32f0xx.o
 .debug_macro   0x0000ef81      0x1fa ./Drivers/STM32F0xx_HAL_Driver/Src/stm32f0xx_hal.o
 .debug_macro   0x0000f17b      0x1fa ./Drivers/STM32F0xx_HAL_Driver/Src/stm32f0xx_hal_adc.o
 .debug_macro   0x0000f375      0x1d6 ./Drivers/STM32F0xx_HAL_Driver/Src/stm32f0xx_hal_cortex.o
 .debug_macro   0x0000f54b      0x1dd ./Drivers/STM32F0xx_HAL_Driver/Src/stm32f0xx_hal_gpio.o
 .debug_macro   0x0000f728      0x1e8 ./Drivers/STM32F0xx_HAL_Driver/Src/stm32f0xx_hal_rcc.o
 .debug_macro   0x0000f910      0x1de ./Drivers/STM32F0xx_HAL_Driver/Src/stm32f0xx_hal_spi.o
 .debug_macro   0x0000faee      0x1d7 ./Drivers/STM32F0xx_HAL_Driver/Src/stm32f0xx_hal_tim.o
 .debug_macro   0x0000fcc5      0x1d6 ./Drivers/STM32F0xx_HAL_Driver/Src/stm32f0xx_hal_tim_ex.o

.debug_line     0x00000000    0x130aa
 .debug_line    0x00000000      0xd21 ./Core/Src/ILI9341_GFX.o
 .debug_line    0x00000d21      0xb7b ./Core/Src/ILI9341_STM32_Driver.o
 .debug_line    0x0000189c     0x1f23 ./Core/Src/main.o
 .debug_line    0x000037bf      0x9c7 ./Core/Src/stm32f0xx_hal_msp.o
 .debug_line    0x00004186      0x886 ./Core/Src/stm32f0xx_it.o
 .debug_line    0x00004a0c      0x775 ./Core/Src/system_stm32f0xx.o
 .debug_line    0x00005181       0x7b ./Core/Startup/startup_stm32f030f4px.o
 .debug_line    0x000051fc      0xa69 ./Drivers/STM32F0xx_HAL_Driver/Src/stm32f0xx_hal.o
 .debug_line    0x00005c65     0x1552 ./Drivers/STM32F0xx_HAL_Driver/Src/stm32f0xx_hal_adc.o
 .debug_line    0x000071b7      0xa96 ./Drivers/STM32F0xx_HAL_Driver/Src/stm32f0xx_hal_cortex.o
 .debug_line    0x00007c4d      0xbdd ./Drivers/STM32F0xx_HAL_Driver/Src/stm32f0xx_hal_gpio.o
 .debug_line    0x0000882a     0x119a ./Drivers/STM32F0xx_HAL_Driver/Src/stm32f0xx_hal_rcc.o
 .debug_line    0x000099c4     0x2e46 ./Drivers/STM32F0xx_HAL_Driver/Src/stm32f0xx_hal_spi.o
 .debug_line    0x0000c80a     0x4c2e ./Drivers/STM32F0xx_HAL_Driver/Src/stm32f0xx_hal_tim.o
 .debug_line    0x00011438     0x1c72 ./Drivers/STM32F0xx_HAL_Driver/Src/stm32f0xx_hal_tim_ex.o

.debug_str      0x00000000    0x61b25
 .debug_str     0x00000000    0x5e42b ./Core/Src/ILI9341_GFX.o
                              0x5e716 (size before relaxing)
 .debug_str     0x0005e42b      0x1b5 ./Core/Src/ILI9341_STM32_Driver.o
                              0x5e693 (size before relaxing)
 .debug_str     0x0005e5e0     0x1005 ./Core/Src/main.o
                              0x5f66b (size before relaxing)
 .debug_str     0x0005f5e5      0x1f9 ./Core/Src/stm32f0xx_hal_msp.o
                              0x5e8f0 (size before relaxing)
 .debug_str     0x0005f7de       0xf4 ./Core/Src/stm32f0xx_it.o
                              0x5e410 (size before relaxing)
 .debug_str     0x0005f8d2       0x8b ./Core/Src/system_stm32f0xx.o
                              0x5dc8d (size before relaxing)
 .debug_str     0x0005f95d       0x44 ./Core/Startup/startup_stm32f030f4px.o
                                 0x87 (size before relaxing)
 .debug_str     0x0005f9a1      0x370 ./Drivers/STM32F0xx_HAL_Driver/Src/stm32f0xx_hal.o
                              0x5e1ec (size before relaxing)
 .debug_str     0x0005fd11      0x352 ./Drivers/STM32F0xx_HAL_Driver/Src/stm32f0xx_hal_adc.o
                              0x5e39a (size before relaxing)
 .debug_str     0x00060063      0x179 ./Drivers/STM32F0xx_HAL_Driver/Src/stm32f0xx_hal_cortex.o
                              0x5dfcf (size before relaxing)
 .debug_str     0x000601dc       0xe0 ./Drivers/STM32F0xx_HAL_Driver/Src/stm32f0xx_hal_gpio.o
                              0x5de20 (size before relaxing)
 .debug_str     0x000602bc      0x21a ./Drivers/STM32F0xx_HAL_Driver/Src/stm32f0xx_hal_rcc.o
                              0x5e0c9 (size before relaxing)
 .debug_str     0x000604d6      0x56e ./Drivers/STM32F0xx_HAL_Driver/Src/stm32f0xx_hal_spi.o
                              0x5e5f7 (size before relaxing)
 .debug_str     0x00060a44      0xd00 ./Drivers/STM32F0xx_HAL_Driver/Src/stm32f0xx_hal_tim.o
                              0x5f085 (size before relaxing)
 .debug_str     0x00061744      0x3e1 ./Drivers/STM32F0xx_HAL_Driver/Src/stm32f0xx_hal_tim_ex.o
                              0x5e8a1 (size before relaxing)

.comment        0x00000000       0x43
 .comment       0x00000000       0x43 ./Core/Src/ILI9341_GFX.o
                                 0x44 (size before relaxing)
 .comment       0x00000043       0x44 ./Core/Src/ILI9341_STM32_Driver.o
 .comment       0x00000043       0x44 ./Core/Src/main.o
 .comment       0x00000043       0x44 ./Core/Src/stm32f0xx_hal_msp.o
 .comment       0x00000043       0x44 ./Core/Src/stm32f0xx_it.o
 .comment       0x00000043       0x44 ./Core/Src/system_stm32f0xx.o
 .comment       0x00000043       0x44 ./Drivers/STM32F0xx_HAL_Driver/Src/stm32f0xx_hal.o
 .comment       0x00000043       0x44 ./Drivers/STM32F0xx_HAL_Driver/Src/stm32f0xx_hal_adc.o
 .comment       0x00000043       0x44 ./Drivers/STM32F0xx_HAL_Driver/Src/stm32f0xx_hal_cortex.o
 .comment       0x00000043       0x44 ./Drivers/STM32F0xx_HAL_Driver/Src/stm32f0xx_hal_gpio.o
 .comment       0x00000043       0x44 ./Drivers/STM32F0xx_HAL_Driver/Src/stm32f0xx_hal_rcc.o
 .comment       0x00000043       0x44 ./Drivers/STM32F0xx_HAL_Driver/Src/stm32f0xx_hal_spi.o
 .comment       0x00000043       0x44 ./Drivers/STM32F0xx_HAL_Driver/Src/stm32f0xx_hal_tim.o
 .comment       0x00000043       0x44 ./Drivers/STM32F0xx_HAL_Driver/Src/stm32f0xx_hal_tim_ex.o

.debug_frame    0x00000000     0x2510
 .debug_frame   0x00000000       0xf4 ./Core/Src/ILI9341_GFX.o
 .debug_frame   0x000000f4      0x1e8 ./Core/Src/ILI9341_STM32_Driver.o
 .debug_frame   0x000002dc      0x38c ./Core/Src/main.o
 .debug_frame   0x00000668       0xe4 ./Core/Src/stm32f0xx_hal_msp.o
 .debug_frame   0x0000074c       0xc8 ./Core/Src/stm32f0xx_it.o
 .debug_frame   0x00000814       0x3c ./Core/Src/system_stm32f0xx.o
 .debug_frame   0x00000850      0x1b4 ./Drivers/STM32F0xx_HAL_Driver/Src/stm32f0xx_hal.o
 .debug_frame   0x00000a04      0x2cc ./Drivers/STM32F0xx_HAL_Driver/Src/stm32f0xx_hal_adc.o
 .debug_frame   0x00000cd0       0xe0 ./Drivers/STM32F0xx_HAL_Driver/Src/stm32f0xx_hal_cortex.o
 .debug_frame   0x00000db0       0xbc ./Drivers/STM32F0xx_HAL_Driver/Src/stm32f0xx_hal_gpio.o
 .debug_frame   0x00000e6c      0x148 ./Drivers/STM32F0xx_HAL_Driver/Src/stm32f0xx_hal_rcc.o
 .debug_frame   0x00000fb4      0x5b4 ./Drivers/STM32F0xx_HAL_Driver/Src/stm32f0xx_hal_spi.o
 .debug_frame   0x00001568      0xac8 ./Drivers/STM32F0xx_HAL_Driver/Src/stm32f0xx_hal_tim.o
 .debug_frame   0x00002030      0x42c ./Drivers/STM32F0xx_HAL_Driver/Src/stm32f0xx_hal_tim_ex.o
 .debug_frame   0x0000245c       0x20 /opt/st/stm32cubeide_1.15.0_2/plugins/com.st.stm32cube.ide.mcu.externaltools.gnu-tools-for-stm32.12.3.rel1.linux64_1.0.100.202403111256/tools/bin/../lib/gcc/arm-none-eabi/12.3.1/../../../../arm-none-eabi/lib/thumb/v6-m/nofp/libc_nano.a(libc_a-memset.o)
 .debug_frame   0x0000247c       0x2c /opt/st/stm32cubeide_1.15.0_2/plugins/com.st.stm32cube.ide.mcu.externaltools.gnu-tools-for-stm32.12.3.rel1.linux64_1.0.100.202403111256/tools/bin/../lib/gcc/arm-none-eabi/12.3.1/../../../../arm-none-eabi/lib/thumb/v6-m/nofp/libc_nano.a(libc_a-init.o)
 .debug_frame   0x000024a8       0x28 /opt/st/stm32cubeide_1.15.0_2/plugins/com.st.stm32cube.ide.mcu.externaltools.gnu-tools-for-stm32.12.3.rel1.linux64_1.0.100.202403111256/tools/bin/../lib/gcc/arm-none-eabi/12.3.1/../../../../arm-none-eabi/lib/thumb/v6-m/nofp/libc_nano.a(libc_a-memcpy-stub.o)
 .debug_frame   0x000024d0       0x20 /opt/st/stm32cubeide_1.15.0_2/plugins/com.st.stm32cube.ide.mcu.externaltools.gnu-tools-for-stm32.12.3.rel1.linux64_1.0.100.202403111256/tools/bin/../lib/gcc/arm-none-eabi/12.3.1/thumb/v6-m/nofp/libgcc.a(_udivsi3.o)
 .debug_frame   0x000024f0       0x20 /opt/st/stm32cubeide_1.15.0_2/plugins/com.st.stm32cube.ide.mcu.externaltools.gnu-tools-for-stm32.12.3.rel1.linux64_1.0.100.202403111256/tools/bin/../lib/gcc/arm-none-eabi/12.3.1/thumb/v6-m/nofp/libgcc.a(_divsi3.o)

.debug_line_str
                0x00000000       0x6b
 .debug_line_str
                0x00000000       0x6b ./Core/Startup/startup_stm32f030f4px.o
