../Core/Src/main.c:199:6:draw_battery	16	static
../Core/Src/main.c:180:6:process_battery	16	static
../Core/Src/main.c:217:6:draw_hp	24	static
../Core/Src/main.c:223:6:draw_score	48	static
../Core/Src/main.c:235:6:copy_level	8	static
../Core/Src/main.c:243:6:draw_block	48	static
../Core/Src/main.c:256:6:draw_blocks	8	static
../Core/Src/main.c:262:6:draw_set_time	16	static
../Core/Src/main.c:274:6:draw_set_alarm	16	static
../Core/Src/main.c:285:6:start_ball	16	static
../Core/Src/main.c:298:6:draw_top_borders	24	static
../Core/Src/main.c:307:6:draw_game_borders	24	static
../Core/Src/main.c:411:6:start_platform	40	static
../Core/Src/main.c:316:6:move_ball	40	static
../Core/Src/main.c:434:6:move_platform	40	static
../Core/Src/main.c:497:6:draw_msg	32	static
../Core/Src/main.c:502:6:delete_msg	16	static
../Core/Src/main.c:506:6:prepare_start	40	static
../Core/Src/main.c:541:6:prepare_game	8	static
../Core/Src/main.c:563:6:draw_min_rectangles	24	static
../Core/Src/main.c:569:5:compare_times	12	static
../Core/Src/main.c:579:6:draw_hour_rectangles	16	static
../Core/Src/main.c:587:6:update_watch	24	static
../Core/Src/main.c:600:6:raise_flags	0	static
../Core/Src/main.c:555:6:prepare_watch	16	static
../Core/Src/main.c:607:6:increase_time	32	static
../Core/Src/main.c:630:6:decrease_time	8	static
../Core/Src/main.c:648:6:small_buzz	16	static
../Core/Src/main.c:976:6:SystemClock_Config	80	static,ignoring_inline_asm
../Core/Src/main.c:661:5:main	144	static,ignoring_inline_asm
../Core/Src/main.c:1381:6:Error_Handler	0	static,ignoring_inline_asm
